<!DOCTYPE html>
<html lang="en-us">
  <head>
    <script async="async" src="https://www.googletagmanager.com/gtm.js?id=GTM-MX6DBN9"></script>
    <script src="/static/js/gtm.js?hash=mocked_hash_451823545"></script>
    <meta charset="utf-8"/>
    <meta http-equiv="x-ua-compatible" content="ie=edge"/>
    <meta name="viewport" content="width=device-width, initial-scale=1"/>
    <meta name="robots" content="noindex"/>
    <!-- Twitter tags -->
    <meta name="twitter:card" content="summary"/>
    <meta name="twitter:site" content="@dart_lang"/>
    <meta name="twitter:description" content="Pub is the package manager for the Dart programming language, containing reusable libraries &amp; packages for Flutter, AngularDart, and general Dart programs."/>
    <meta name="twitter:image" content="https://pub.dev/static/img/pub-dev-icon-cover-image.png?hash=mocked_hash_355802124"/>
    <!-- Facebook OG tags -->
    <meta property="og:type" content="website"/>
    <meta property="og:site_name" content="Dart packages"/>
    <meta property="og:title" content="Top packages"/>
    <meta property="og:description" content="Pub is the package manager for the Dart programming language, containing reusable libraries &amp; packages for Flutter, AngularDart, and general Dart programs."/>
    <meta property="og:image" content="https://pub.dev/static/img/pub-dev-icon-cover-image.png?hash=mocked_hash_355802124"/>
    <title>Top packages</title>
    <link href="https://fonts.googleapis.com/css?family=Google+Sans:300,400,500|Google+Sans+Display:400|Roboto:300,400,500,700|Roboto+Mono:300,400,700" rel="stylesheet"/>
    <meta content="/static/img/pub-dev-icon-cover-image.png?hash=mocked_hash_355802124"/>
    <link rel="shortcut icon" href="/favicon.ico?hash=mocked_hash_985685822"/>
    <link rel="search" type="application/opensearchdescription+xml" title="Dart packages" href="/static/osd.xml?hash=mocked_hash_869379763"/>
    <link rel="canonical" href="https://pub.dev/packages"/>
    <meta name="description" content="Pub is the package manager for the Dart programming language, containing reusable libraries &amp; packages for Flutter, AngularDart, and general Dart programs."/>
    <link rel="alternate" type="application/atom+xml" title="Updated Packages Feed for Pub" href="/feed.atom"/>
    <link href="/static/material/material-components-web.min.css?hash=mocked_hash_335393842" rel="stylesheet" type="text/css"/>
    <link href="/static/highlight/github.css?hash=mocked_hash_145446167" rel="stylesheet"/>
    <link href="/static/css/github-markdown.css?hash=mocked_hash_488759485" rel="stylesheet" type="text/css"/>
    <link href="/static/css/style.css?hash=mocked_hash_537099079" rel="stylesheet" type="text/css"/>
    <script src="/static/material/material-components-web.min.js?hash=mocked_hash_942790516" defer="defer"></script>
    <script src="/static/js/script.dart.js?hash=mocked_hash_573569793" defer="defer"></script>
    <meta name="google-signin-client_id" content=""/>
    <script src="https://apis.google.com/js/platform.js?onload=pubAuthInit" defer="defer"></script>
  </head>
  <body class="">
    <!-- Google Tag Manager (noscript) -->
    <noscript>
      <iframe src="https://www.googletagmanager.com/ns.html?id=GTM-MX6DBN9" height="0" width="0" style="display:none;visibility:hidden"></iframe>
    </noscript>
    <!-- End Google Tag Manager (noscript) -->
    <div class="site-header">
      <button class="hamburger"></button>
      <a class="logo" href="/">
        <img class="site-logo" src="/static/img/pub-dev-logo-2x.png?hash=mocked_hash_685890546" alt="pub logo"/>
      </a>
      <div class="site-header-space"></div>
      <div class="site-header-mask"></div>
      <div class="site-header-nav scroll-container">
        <div class="nav-login-container">
          <button class="nav-main-button link" id="-account-login">Sign in</button>
        </div>
        <div class="nav-container nav-help-container hoverable">
          <button class="nav-main-button">Help</button>
          <div class="nav-hover-popup">
            <div class="nav-table-columns">
              <div class="nav-table-column">
                <h3>Pub.dev</h3>
                <a class="nav-link" target="_blank" rel="noopener" href="/help/search">Searching for packages</a>
                <a class="nav-link" target="_blank" rel="noopener" href="/help/scoring">Package scoring and pub points</a>
              </div>
              <div class="nav-table-column">
                <h3>Flutter</h3>
                <a class="nav-link" target="_blank" rel="noopener" href="https://flutter.io/using-packages/">Using packages</a>
                <a class="nav-link" target="_blank" rel="noopener" href="https://flutter.io/developing-packages/">Developing packages and plugins</a>
                <a class="nav-link" target="_blank" rel="noopener" href="https://dart.dev/tools/pub/publishing">Publishing a package</a>
              </div>
              <div class="nav-table-column">
                <h3>Dart</h3>
                <a class="nav-link" target="_blank" rel="noopener" href="https://dart.dev/tools/pub/get-started">Using packages</a>
                <a class="nav-link" target="_blank" rel="noopener" href="https://dart.dev/tools/pub/publishing">Publishing a package</a>
              </div>
            </div>
          </div>
        </div>
        <div class="nav-container nav-help-container-mobile foldable">
          <h3 class="foldable-button">
            Pub.dev
            <img class="foldable-icon" src="/static/img/nav-mobile-foldable-icon.svg?hash=mocked_hash_806401648"/>
          </h3>
          <div class="foldable-content">
            <a class="nav-link" target="_blank" rel="noopener" href="/help/search">Searching for packages</a>
            <a class="nav-link" target="_blank" rel="noopener" href="/help/scoring">Package scoring and pub points</a>
          </div>
        </div>
        <div class="nav-container nav-help-container-mobile foldable">
          <h3 class="foldable-button">
            Flutter
            <img class="foldable-icon" src="/static/img/nav-mobile-foldable-icon.svg?hash=mocked_hash_806401648"/>
          </h3>
          <div class="foldable-content">
            <a class="nav-link" target="_blank" rel="noopener" href="https://flutter.io/using-packages/">Using packages</a>
            <a class="nav-link" target="_blank" rel="noopener" href="https://flutter.io/developing-packages/">Developing packages and plugins</a>
            <a class="nav-link" target="_blank" rel="noopener" href="https://dart.dev/tools/pub/publishing">Publishing a package</a>
          </div>
        </div>
        <div class="nav-container nav-help-container-mobile foldable">
          <h3 class="foldable-button">
            Dart
            <img class="foldable-icon" src="/static/img/nav-mobile-foldable-icon.svg?hash=mocked_hash_806401648"/>
          </h3>
          <div class="foldable-content">
            <a class="nav-link" target="_blank" rel="noopener" href="https://dart.dev/tools/pub/get-started">Using packages</a>
            <a class="nav-link" target="_blank" rel="noopener" href="https://dart.dev/tools/pub/publishing">Publishing a package</a>
          </div>
        </div>
      </div>
    </div>
    <div id="banner-container"></div>
    <div class="_banner-bg">
      <div class="container">
        <form class="search-bar banner-item" action="/packages">
          <input class="input" name="q" placeholder="Search packages" autocomplete="on" autofocus="autofocus"/>
          <button class="icon"></button>
          <div class="search-filters-btn-wrapper">
            <img class="search-filters-btn search-filters-btn-inactive" src="/static/img/search-filters-inactive.svg?hash=mocked_hash_963166179"/>
            <img class="search-filters-btn search-filters-btn-active" src="/static/img/search-filters-active.svg?hash=mocked_hash_397783636"/>
          </div>
          <input id="-search-discontinued-field" type="hidden" name="discontinued" value="1" disabled="disabled"/>
          <input id="-search-unlisted-field" type="hidden" name="unlisted" value="1" disabled="disabled"/>
          <input id="-search-null-safe-field" type="hidden" name="null-safe" value="1" disabled="disabled"/>
        </form>
      </div>
    </div>
    <main class="">
      <div class="search-controls">
        <div class="container">
          <div class="search-controls-primary">
            <div class="search-controls-sdk search-controls-tabs">
              <div class="list-filters">
                <a class="filter " href="/dart/packages" title="Packages compatible with the Dart SDK">Dart</a>
                <a class="filter " href="/flutter/packages" title="Packages compatible with the Flutter SDK">Flutter</a>
                <a class="filter -active" href="/packages" title="Packages compatible with the any SDK">
                  <img src="/static/img/checkmark-icon.svg?hash=mocked_hash_296261337" class="filter-icon"/>
                  Any
                </a>
              </div>
            </div>
            <div class="search-controls-sdk search-controls-buttons">
              <span class="search-controls-label">SDK</span>
              <div class="list-filters">
                <a class="filter " href="/dart/packages" title="Packages compatible with the Dart SDK">Dart</a>
                <a class="filter " href="/flutter/packages" title="Packages compatible with the Flutter SDK">Flutter</a>
                <a class="filter -active" href="/packages" title="Packages compatible with the any SDK">
                  <img src="/static/img/checkmark-icon.svg?hash=mocked_hash_296261337" class="filter-icon"/>
                  Any
                </a>
              </div>
            </div>
            <div class="search-controls-subsdk search-controls-buttons">
              <span class="search-controls-label"></span>
            </div>
            <div class="search-filters-btn search-filters-btn-wrapper search-controls-more" data-ga-click-event="toggle-advanced-search">
              Advanced
              <img src="/static/img/carot-up.svg?hash=mocked_hash_771440143" class="search-controls-more-carot"/>
            </div>
          </div>
        </div>
        <div class="search-controls-advanced">
          <div class="container">
            <div class="search-controls-advanced-block">
              <div class="search-controls-checkbox">
                <input id="-search-unlisted-checkbox" type="checkbox" name="unlisted"/>
                <label for="-search-unlisted-checkbox">Include unlisted packages</label>
              </div>
              <div class="search-controls-checkbox">
                <input id="-search-discontinued-checkbox" type="checkbox" name="discontinued"/>
                <label for="-search-discontinued-checkbox">Include discontinued packages</label>
              </div>
              <div class="search-controls-checkbox">
                <input id="-search-null-safe-checkbox" type="checkbox" name="null-safe"/>
                <label for="-search-null-safe-checkbox">Supports null safety</label>
              </div>
            </div>
          </div>
        </div>
      </div>
      <div class="container">
        <div class="listing-info">
          <div class="listing-info-count">
            <span class="info-identifier">Results</span>
            <span class="count"></span>
            packages
          </div>
          <div class="sort-control hoverable">
            <div class="info-identifier" title="Packages are sorted by the combination of their overall score and their specificity to the selected platform.">
              Sort by
              <span class="sort-control-selected">listing relevance</span>
            </div>
            <div class="sort-control-popup">
              <div class="sort-control-option selected" data-value="listing_relevance">listing relevance</div>
              <div class="sort-control-option " data-value="top">overall score</div>
              <div class="sort-control-option " data-value="updated">recently updated</div>
              <div class="sort-control-option " data-value="created">newest package</div>
              <div class="sort-control-option " data-value="like">most likes</div>
              <div class="sort-control-option " data-value="points">most pub points</div>
              <div class="sort-control-option " data-value="popularity">popularity</div>
            </div>
          </div>
        </div>
        <div class="packages">
          <div class="packages-item">
            <div class="packages-header">
              <h3 class="packages-title">
                <a href="/packages/foobar_pkg">foobar_pkg</a>
              </h3>
              <a class="packages-scores" href="/packages/foobar_pkg/score">
                <div class="packages-score packages-score-like">
                  <div class="packages-score-value -has-value">
                    <span class="packages-score-value-number">0</span>
                    <span class="packages-score-value-sign"></span>
                  </div>
                  <div class="packages-score-label">likes</div>
                </div>
                <div class="packages-score packages-score-health">
                  <div class="packages-score-value">
                    <span class="packages-score-value-number">--</span>
                    <span class="packages-score-value-sign"></span>
                  </div>
                  <div class="packages-score-label">pub points</div>
                </div>
                <div class="packages-score packages-score-popularity">
                  <div class="packages-score-value">
                    <span class="packages-score-value-number">--</span>
                    <span class="packages-score-value-sign">%</span>
                  </div>
                  <div class="packages-score-label">popularity</div>
                </div>
              </a>
            </div>
            <p class="packages-description">my package description</p>
            <p class="packages-metadata">
              <span class="packages-metadata-block">
                v
                <a href="/packages/foobar_pkg">0.1.1+5</a>
                /
                <a href="/packages/foobar_pkg/versions/0.2.0-dev">0.2.0-dev</a>
                • Updated:
                <span>Jan 1, 2015</span>
              </span>
            </p>
            <div>
              <span class="package-tag missing" title="Analysis should be ready soon.">[awaiting]</span>
            </div>
          </div>
          <div class="packages-item">
            <div class="packages-header">
              <h3 class="packages-title">
                <a href="/packages/foobar_pkg">foobar_pkg</a>
              </h3>
              <a class="packages-scores" href="/packages/foobar_pkg/score">
                <div class="packages-score packages-score-like">
                  <div class="packages-score-value -has-value">
                    <span class="packages-score-value-number">0</span>
                    <span class="packages-score-value-sign"></span>
                  </div>
                  <div class="packages-score-label">likes</div>
                </div>
                <div class="packages-score packages-score-health">
                  <div class="packages-score-value">
                    <span class="packages-score-value-number">--</span>
                    <span class="packages-score-value-sign"></span>
                  </div>
                  <div class="packages-score-label">pub points</div>
                </div>
                <div class="packages-score packages-score-popularity">
                  <div class="packages-score-value">
                    <span class="packages-score-value-number">--</span>
                    <span class="packages-score-value-sign">%</span>
                  </div>
                  <div class="packages-score-label">popularity</div>
                </div>
              </a>
            </div>
            <p class="packages-description">my package description</p>
            <p class="packages-metadata">
              <span class="packages-metadata-block">
                v
                <a href="/packages/foobar_pkg">0.1.1+5</a>
                /
                <a href="/packages/foobar_pkg/versions/0.2.0-dev">0.2.0-dev</a>
                • Updated:
                <span>Jan 1, 2015</span>
              </span>
            </p>
            <div>
              <div class="-pub-tag-badge">
                <a class="tag-badge-main" title="Packages compatible with Flutter SDK" href="/flutter/packages">Flutter</a>
                <a class="tag-badge-sub" title="Packages compatible with Flutter on the Android platform" href="/flutter/packages?platform=android">Android</a>
              </div>
            </div>
          </div>
        </div>
        <ul class="pagination">
          <li class="-disabled">
            <a href="" rel="prev">
              <span>«</span>
            </a>
          </li>
          <li class="-active">
            <a href="">
              <span>1</span>
            </a>
          </li>
          <li class="-disabled">
            <a href="" rel="next">
              <span>»</span>
            </a>
          </li>
        </ul>
      </div>
    </main>
    <footer class="site-footer">
      <a class="link" href="https://dart.dev/">Dart language</a>
      <a class="link sep" href="/policy">Policy</a>
      <a class="link sep" href="https://www.google.com/intl/en/policies/terms/">Terms</a>
      <a class="link sep" href="https://developers.google.com/terms/">API Terms</a>
      <a class="link sep" href="/security">Security</a>
      <a class="link sep" href="https://www.google.com/intl/en/policies/privacy/">Privacy</a>
      <a class="link sep" href="/help">Help</a>
      <a class="link sep icon" href="/feed.atom">
        <img src="/static/img/rss-feed-icon.svg?hash=mocked_hash_795155912" class="inline-icon" alt="RSS/atom feed" title="RSS/atom feed"/>
      </a>
      <a class="link icon github_issue" href="https://github.com/dart-lang/pub-dev/issues/new">
        <img src="/static/img/bug-report-white-96px.png?hash=mocked_hash_709947442" class="inline-icon" alt="Report an issue with this site" title="Report an issue with this site"/>
      </a>
    </footer>
  </body>
</html>
