<!DOCTYPE html>
<html lang="en-us">
  <head>
    <script async="async" src="https://www.googletagmanager.com/gtm.js?id=GTM-MX6DBN9"></script>
    <script src="/static/js/gtm.js?hash=mocked_hash_451823545"></script>
    <meta charset="utf-8"/>
    <meta http-equiv="x-ua-compatible" content="ie=edge"/>
    <meta name="viewport" content="width=device-width, initial-scale=1"/>
    <!-- Twitter tags -->
    <meta name="twitter:card" content="summary"/>
    <meta name="twitter:site" content="@dart_lang"/>
    <meta name="twitter:description" content="Pub is the package manager for the Dart programming language, containing reusable libraries &amp; packages for Flutter, AngularDart, and general Dart programs."/>
    <meta name="twitter:image" content="https://pub.dev/static/img/pub-dev-icon-cover-image.png?hash=mocked_hash_355802124"/>
    <!-- Facebook OG tags -->
    <meta property="og:type" content="website"/>
    <meta property="og:site_name" content="Dart packages"/>
    <meta property="og:title" content="foobar_pkg package - All Versions"/>
    <meta property="og:description" content="Pub is the package manager for the Dart programming language, containing reusable libraries &amp; packages for Flutter, AngularDart, and general Dart programs."/>
    <meta property="og:image" content="https://pub.dev/static/img/pub-dev-icon-cover-image.png?hash=mocked_hash_355802124"/>
    <meta property="og:url" content="https://pub.dev/packages/foobar_pkg/versions"/>
    <title>foobar_pkg package - All Versions</title>
    <link href="https://fonts.googleapis.com/css?family=Google+Sans:300,400,500|Google+Sans+Display:400|Roboto:300,400,500,700|Roboto+Mono:300,400,700" rel="stylesheet"/>
    <meta content="/static/img/pub-dev-icon-cover-image.png?hash=mocked_hash_355802124"/>
    <link rel="shortcut icon" href="/favicon.ico?hash=mocked_hash_985685822"/>
    <link rel="search" type="application/opensearchdescription+xml" title="Dart packages" href="/static/osd.xml?hash=mocked_hash_869379763"/>
    <link rel="canonical" href="https://pub.dev/packages/foobar_pkg/versions"/>
    <meta name="description" content="Pub is the package manager for the Dart programming language, containing reusable libraries &amp; packages for Flutter, AngularDart, and general Dart programs."/>
    <link rel="alternate" type="application/atom+xml" title="Updated Packages Feed for Pub" href="/feed.atom"/>
    <link href="/static/material/material-components-web.min.css?hash=mocked_hash_335393842" rel="stylesheet" type="text/css"/>
    <link href="/static/highlight/github.css?hash=mocked_hash_145446167" rel="stylesheet"/>
    <link href="/static/css/github-markdown.css?hash=mocked_hash_488759485" rel="stylesheet" type="text/css"/>
    <link href="/static/css/style.css?hash=mocked_hash_537099079" rel="stylesheet" type="text/css"/>
    <script src="/static/material/material-components-web.min.js?hash=mocked_hash_942790516" defer="defer"></script>
    <script src="/static/js/script.dart.js?hash=mocked_hash_573569793" defer="defer"></script>
    <meta name="google-signin-client_id" content=""/>
    <script src="https://apis.google.com/js/platform.js?onload=pubAuthInit" defer="defer"></script>
    <meta name="pub-page-data" content="eyJwa2dEYXRhIjp7InBhY2thZ2UiOiJmb29iYXJfcGtnIiwidmVyc2lvbiI6IjAuMS4xKzUiLCJsaWtlcyI6MCwiaXNEaXNjb250aW51ZWQiOmZhbHNlfX0="/>
  </head>
  <body class="">
    <!-- Google Tag Manager (noscript) -->
    <noscript>
      <iframe src="https://www.googletagmanager.com/ns.html?id=GTM-MX6DBN9" height="0" width="0" style="display:none;visibility:hidden"></iframe>
    </noscript>
    <!-- End Google Tag Manager (noscript) -->
    <div class="site-header">
      <button class="hamburger"></button>
      <a class="logo" href="/">
        <img class="site-logo" src="/static/img/pub-dev-logo-2x.png?hash=mocked_hash_685890546" alt="pub logo"/>
      </a>
      <div class="site-header-space"></div>
      <div class="site-header-mask"></div>
      <div class="site-header-search">
        <form action="/packages" method="GET">
          <input class="site-header-search-input" name="q" placeholder="New search..." autocomplete="on"/>
        </form>
      </div>
      <div class="site-header-nav scroll-container">
        <div class="nav-login-container">
          <button class="nav-main-button link" id="-account-login">Sign in</button>
        </div>
        <div class="nav-container nav-help-container hoverable">
          <button class="nav-main-button">Help</button>
          <div class="nav-hover-popup">
            <div class="nav-table-columns">
              <div class="nav-table-column">
                <h3>Pub.dev</h3>
                <a class="nav-link" target="_blank" rel="noopener" href="/help/search">Searching for packages</a>
                <a class="nav-link" target="_blank" rel="noopener" href="/help/scoring">Package scoring and pub points</a>
              </div>
              <div class="nav-table-column">
                <h3>Flutter</h3>
                <a class="nav-link" target="_blank" rel="noopener" href="https://flutter.io/using-packages/">Using packages</a>
                <a class="nav-link" target="_blank" rel="noopener" href="https://flutter.io/developing-packages/">Developing packages and plugins</a>
                <a class="nav-link" target="_blank" rel="noopener" href="https://dart.dev/tools/pub/publishing">Publishing a package</a>
              </div>
              <div class="nav-table-column">
                <h3>Dart</h3>
                <a class="nav-link" target="_blank" rel="noopener" href="https://dart.dev/tools/pub/get-started">Using packages</a>
                <a class="nav-link" target="_blank" rel="noopener" href="https://dart.dev/tools/pub/publishing">Publishing a package</a>
              </div>
            </div>
          </div>
        </div>
        <div class="nav-container nav-help-container-mobile foldable">
          <h3 class="foldable-button">
            Pub.dev
            <img class="foldable-icon" src="/static/img/nav-mobile-foldable-icon.svg?hash=mocked_hash_806401648"/>
          </h3>
          <div class="foldable-content">
            <a class="nav-link" target="_blank" rel="noopener" href="/help/search">Searching for packages</a>
            <a class="nav-link" target="_blank" rel="noopener" href="/help/scoring">Package scoring and pub points</a>
          </div>
        </div>
        <div class="nav-container nav-help-container-mobile foldable">
          <h3 class="foldable-button">
            Flutter
            <img class="foldable-icon" src="/static/img/nav-mobile-foldable-icon.svg?hash=mocked_hash_806401648"/>
          </h3>
          <div class="foldable-content">
            <a class="nav-link" target="_blank" rel="noopener" href="https://flutter.io/using-packages/">Using packages</a>
            <a class="nav-link" target="_blank" rel="noopener" href="https://flutter.io/developing-packages/">Developing packages and plugins</a>
            <a class="nav-link" target="_blank" rel="noopener" href="https://dart.dev/tools/pub/publishing">Publishing a package</a>
          </div>
        </div>
        <div class="nav-container nav-help-container-mobile foldable">
          <h3 class="foldable-button">
            Dart
            <img class="foldable-icon" src="/static/img/nav-mobile-foldable-icon.svg?hash=mocked_hash_806401648"/>
          </h3>
          <div class="foldable-content">
            <a class="nav-link" target="_blank" rel="noopener" href="https://dart.dev/tools/pub/get-started">Using packages</a>
            <a class="nav-link" target="_blank" rel="noopener" href="https://dart.dev/tools/pub/publishing">Publishing a package</a>
          </div>
        </div>
      </div>
    </div>
    <div id="banner-container"></div>
    <main class="container">
      <div class="detail-wrapper -active -has-info-box">
        <div class="detail-header -is-loose">
          <div class="detail-container">
            <div class="detail-header-outer-block">
              <div class="detail-header-content-block">
                <h1 class="title">
                  foobar_pkg 0.1.1+5
                  <span class="pkg-page-title-copy">
                    <img class="pkg-page-title-copy-icon" data-copy-content="foobar_pkg: ^0.1.1+5" data-ga-click-event="copy-package-version" src="/static/img/content-copy-icon.svg?hash=mocked_hash_1005735992" title="Copy &quot;foobar_pkg: ^0.1.1+5&quot; to clipboard"/>
                    <div class="pkg-page-title-copy-feedback">
                      <span class="code">foobar_pkg: ^0.1.1+5</span>
                      copied to clipboard
                    </div>
                  </span>
                </h1>
                <div class="metadata">
                  Published
                  <span>Jan 1, 2014</span>
                  • Latest:
                  <span>
                    <a href="/packages/foobar_pkg">0.1.1+5</a>
                  </span>
                  / Prerelease:
                  <span>
                    <a href="/packages/foobar_pkg/versions/0.2.0-dev">0.2.0-dev</a>
                  </span>
                </div>
                <div class="detail-tags-and-like">
                  <div class="detail-tags">
                    <div class="-pub-tag-badge">
                      <a class="tag-badge-main" title="Packages compatible with Dart SDK" href="/dart/packages">Dart</a>
                    </div>
                    <div class="-pub-tag-badge">
                      <a class="tag-badge-main" title="Packages compatible with Flutter SDK" href="/flutter/packages">Flutter</a>
                    </div>
                  </div>
                  <div class="detail-like">
                    <button id="-pub-like-icon-button" class="mdc-icon-button" aria-label="Like this package" data-ga-click-event="toggle-like" aria-hidden="true" aria-pressed="true">
                      <img height="18" width="18" src="/static/img/like-inactive.svg?hash=mocked_hash_1066096316" class="mdc-icon-button__icon"/>
                      <img height="18" width="18" src="/static/img/like-active.svg?hash=mocked_hash_986617859" class="mdc-icon-button__icon mdc-icon-button__icon--on"/>
                    </button>
                    <span class="likes-count">
                      <span id="likes-count">0</span>
                    </span>
                  </div>
                </div>
              </div>
            </div>
          </div>
        </div>
        <div class="detail-container">
          <div class="detail-lead">
            <div class="detail-metadata-toggle">
              <div class="detail-metadata-toggle-icon">→</div>
              <h3 class="detail-lead-title">Metadata</h3>
            </div>
            <p class="detail-lead-text">my package description</p>
          </div>
        </div>
        <div class="detail-body">
          <div class="detail-tabs">
            <div class="detail-tabs-wide-header">
              <div class="detail-container">
                <ul class="detail-tabs-header">
                  <li class="detail-tab tab-link detail-tab-readme-title" role="button">
                    <a href="/packages/foobar_pkg">Readme</a>
                  </li>
                  <li class="detail-tab tab-link detail-tab-changelog-title" role="button">
                    <a href="/packages/foobar_pkg/changelog">Changelog</a>
                  </li>
                  <li class="detail-tab tab-link detail-tab-example-title" role="button">
                    <a href="/packages/foobar_pkg/example">Example</a>
                  </li>
                  <li class="detail-tab tab-link detail-tab-installing-title" role="button">
                    <a href="/packages/foobar_pkg/install">Installing</a>
                  </li>
                  <li class="detail-tab tab-button detail-tab-versions-title -active" role="button">Versions</li>
                  <li class="detail-tab tab-link detail-tab-analysis-title" role="button">
                    <a href="/packages/foobar_pkg/score">Scores</a>
                  </li>
                </ul>
              </div>
            </div>
            <div class="detail-container detail-body-main">
              <div class="detail-tabs-content">
                <section class="tab-content -active">
                  <p>
                    The latest prerelease was
                    <a href="#prerelease">0.2.0-dev</a>
                    on Jan 1, 2014.
                  </p>
                  <h2 id="stable">Stable versions of foobar_pkg</h2>
                  <table class="version-table" data-package="foobar_pkg">
                    <thead>
                      <tr>
                        <th class="version">Version</th>
                        <th class="sdk">
                          <span class="label">Min Dart SDK</span>
                        </th>
                        <th class="uploaded">
                          <span class="label">Uploaded</span>
                        </th>
                        <th class="documentation">
                          <span class="label">Documentation</span>
                        </th>
                        <th class="archive">
                          <span class="label">Archive</span>
                        </th>
                      </tr>
                    </thead>
                    <tbody>
                      <tr data-version="0.1.1+5">
                        <td class="version">
                          <a href="/packages/foobar_pkg/versions/0.1.1+5">0.1.1+5</a>
                        </td>
                        <td class="sdk"></td>
                        <td class="uploaded">Jan 1, 2014</td>
                        <td class="documentation">
                          <a href="/documentation/foobar_pkg/0.1.1+5/" rel="nofollow" title="Go to the documentation of foobar_pkg 0.1.1+5">
                            <img class="version-table-icon" src="/static/img/description-24px.svg?hash=mocked_hash_130979311" data-failed-icon="/static/img/documentation-failed-icon.svg?hash=mocked_hash_57143192" alt="Go to the documentation of foobar_pkg 0.1.1+5"/>
                          </a>
                        </td>
                        <td class="archive">
                          <a href="https://pub.dartlang.org/mock-download-uri.tar.gz" rel="nofollow" title="Download foobar_pkg 0.1.1+5 archive">
                            <img class="version-table-icon" src="/static/img/vertical_align_bottom-24px.svg?hash=mocked_hash_587025884" alt="Download foobar_pkg 0.1.1+5 archive"/>
                          </a>
                        </td>
                      </tr>
                    </tbody>
                  </table>
                  <h2 id="prerelease">Prerelease versions of foobar_pkg</h2>
                  <table class="version-table" data-package="foobar_pkg">
                    <thead>
                      <tr>
                        <th class="version">Version</th>
                        <th class="sdk">
                          <span class="label">Min Dart SDK</span>
                        </th>
                        <th class="uploaded">
                          <span class="label">Uploaded</span>
                        </th>
                        <th class="documentation">
                          <span class="label">Documentation</span>
                        </th>
                        <th class="archive">
                          <span class="label">Archive</span>
                        </th>
                      </tr>
                    </thead>
                    <tbody>
                      <tr data-version="0.2.0-dev">
                        <td class="version">
                          <a href="/packages/foobar_pkg/versions/0.2.0-dev">0.2.0-dev</a>
                        </td>
                        <td class="sdk"></td>
                        <td class="uploaded">Jan 1, 2014</td>
                        <td class="documentation">
                          <a href="/documentation/foobar_pkg/0.2.0-dev/" rel="nofollow" title="Go to the documentation of foobar_pkg 0.2.0-dev">
                            <img class="version-table-icon" src="/static/img/description-24px.svg?hash=mocked_hash_130979311" data-failed-icon="/static/img/documentation-failed-icon.svg?hash=mocked_hash_57143192" alt="Go to the documentation of foobar_pkg 0.2.0-dev"/>
                          </a>
                        </td>
                        <td class="archive">
                          <a href="https://pub.dartlang.org/mock-download-uri.tar.gz" rel="nofollow" title="Download foobar_pkg 0.2.0-dev archive">
                            <img class="version-table-icon" src="/static/img/vertical_align_bottom-24px.svg?hash=mocked_hash_587025884" alt="Download foobar_pkg 0.2.0-dev archive"/>
                          </a>
                        </td>
                      </tr>
                    </tbody>
                  </table>
                </section>
              </div>
            </div>
          </div>
          <aside class="detail-info-box">
            <a class="packages-scores" href="/packages/foobar_pkg/score">
              <div class="packages-score packages-score-like">
                <div class="packages-score-value -has-value">
                  <span class="packages-score-value-number">0</span>
                  <span class="packages-score-value-sign"></span>
                </div>
                <div class="packages-score-label">likes</div>
              </div>
              <div class="packages-score packages-score-health">
                <div class="packages-score-value">
                  <span class="packages-score-value-number">--</span>
                  <span class="packages-score-value-sign"></span>
                </div>
                <div class="packages-score-label">pub points</div>
              </div>
              <div class="packages-score packages-score-popularity">
                <div class="packages-score-value -has-value">
                  <span class="packages-score-value-number">20</span>
                  <span class="packages-score-value-sign">%</span>
                </div>
                <div class="packages-score-label">popularity</div>
              </div>
            </a>
            <h3 class="title pkg-infobox-metadata">Metadata</h3>
            <p>my package description</p>
            <p>
              <a class="link" href="http://hans.juergen.com" rel="ugc">Homepage</a>
              <br/>
            </p>
            <h3 class="title">Uploader</h3>
            <p>
              <span class="author">
                <a href="/packages?q=email%3Ahans%40juergen.com" title="Search packages from hans@juergen.com" rel="nofollow">hans@juergen.com</a>
              </span>
            </p>
            <h3 class="title">Dependencies</h3>
            <p>
              <a href="/packages/gcloud">gcloud</a>
            </p>
            <h3 class="title">More</h3>
            <p>
              <a href="/packages?q=dependency%3Afoobar_pkg" rel="nofollow">Packages that depend on foobar_pkg</a>
            </p>
          </aside>
        </div>
        <script type="application/ld+json">{"@context":"http://schema.org","@type":"SoftwareSourceCode","name":"foobar_pkg","version":"0.1.1+5","description":"foobar_pkg - my package description","url":"https://pub.dev/packages/foobar_pkg","dateCreated":"2014-01-01T00:00:00.000Z","dateModified":"2014-01-01T00:00:00.000Z","programmingLanguage":"Dart","image":"https://pub.dev/static/img/pub-dev-icon-cover-image.png"}</script>
      </div>
      <div class="detail-metadata">
        <h3 class="detail-metadata-title">
          <span class="detail-metadata-toggle">←</span>
          Metadata
        </h3>
        <div class="detail-info-box">
          <a class="packages-scores" href="/packages/foobar_pkg/score">
            <div class="packages-score packages-score-like">
              <div class="packages-score-value -has-value">
                <span class="packages-score-value-number">0</span>
                <span class="packages-score-value-sign"></span>
              </div>
              <div class="packages-score-label">likes</div>
            </div>
            <div class="packages-score packages-score-health">
              <div class="packages-score-value">
                <span class="packages-score-value-number">--</span>
                <span class="packages-score-value-sign"></span>
              </div>
              <div class="packages-score-label">pub points</div>
            </div>
            <div class="packages-score packages-score-popularity">
              <div class="packages-score-value -has-value">
                <span class="packages-score-value-number">20</span>
                <span class="packages-score-value-sign">%</span>
              </div>
              <div class="packages-score-label">popularity</div>
            </div>
          </a>
          <h3 class="title pkg-infobox-metadata">Metadata</h3>
          <p>my package description</p>
          <p>
            <a class="link" href="http://hans.juergen.com" rel="ugc">Homepage</a>
            <br/>
          </p>
          <h3 class="title">Uploader</h3>
          <p>
            <span class="author">
              <a href="/packages?q=email%3Ahans%40juergen.com" title="Search packages from hans@juergen.com" rel="nofollow">hans@juergen.com</a>
            </span>
          </p>
          <h3 class="title">Dependencies</h3>
          <p>
            <a href="/packages/gcloud">gcloud</a>
          </p>
          <h3 class="title">More</h3>
          <p>
            <a href="/packages?q=dependency%3Afoobar_pkg" rel="nofollow">Packages that depend on foobar_pkg</a>
          </p>
        </div>
      </div>
    </main>
    <footer class="site-footer">
      <a class="link" href="https://dart.dev/">Dart language</a>
      <a class="link sep" href="/policy">Policy</a>
      <a class="link sep" href="https://www.google.com/intl/en/policies/terms/">Terms</a>
      <a class="link sep" href="https://developers.google.com/terms/">API Terms</a>
      <a class="link sep" href="/security">Security</a>
      <a class="link sep" href="https://www.google.com/intl/en/policies/privacy/">Privacy</a>
      <a class="link sep" href="/help">Help</a>
      <a class="link sep icon" href="/feed.atom">
        <img src="/static/img/rss-feed-icon.svg?hash=mocked_hash_795155912" class="inline-icon" alt="RSS/atom feed" title="RSS/atom feed"/>
      </a>
      <a class="link icon github_issue" href="https://github.com/dart-lang/pub-dev/issues/new">
        <img src="/static/img/bug-report-white-96px.png?hash=mocked_hash_709947442" class="inline-icon" alt="Report an issue with this site" title="Report an issue with this site"/>
      </a>
    </footer>
    <script src="/static/highlight/highlight.pack.js?hash=mocked_hash_252154265"></script>
    <script src="/static/highlight/init.js?hash=mocked_hash_180963889"></script>
  </body>
</html>
