<!DOCTYPE html>
<html lang="en-us">
  <head>
    <script async="async" src="https://www.googletagmanager.com/gtm.js?id=GTM-MX6DBN9"></script>
    <script src="/static/js/gtm.js?hash=mocked_hash_451823545"></script>
    <meta charset="utf-8"/>
    <meta http-equiv="x-ua-compatible" content="ie=edge"/>
    <meta name="viewport" content="width=device-width, initial-scale=1"/>
    <!-- Twitter tags -->
    <meta name="twitter:card" content="summary"/>
    <meta name="twitter:site" content="@dart_lang"/>
    <meta name="twitter:description" content="Pub is the package manager for the Dart programming language, containing reusable libraries &amp; packages for Flutter, AngularDart, and general Dart programs."/>
    <meta name="twitter:image" content="https://pub.dev/static/img/pub-dev-icon-cover-image.png?hash=mocked_hash_355802124"/>
    <!-- Facebook OG tags -->
    <meta property="og:type" content="website"/>
    <meta property="og:site_name" content="Dart packages"/>
    <meta property="og:title" content="Packages of publisher example.com"/>
    <meta property="og:description" content="Pub is the package manager for the Dart programming language, containing reusable libraries &amp; packages for Flutter, AngularDart, and general Dart programs."/>
    <meta property="og:image" content="https://pub.dev/static/img/pub-dev-icon-cover-image.png?hash=mocked_hash_355802124"/>
    <meta property="og:url" content="https://pub.dev/publishers/example.com/packages"/>
    <title>Packages of publisher example.com</title>
    <link href="https://fonts.googleapis.com/css?family=Google+Sans:300,400,500|Google+Sans+Display:400|Roboto:300,400,500,700|Roboto+Mono:300,400,700" rel="stylesheet"/>
    <meta content="/static/img/pub-dev-icon-cover-image.png?hash=mocked_hash_355802124"/>
    <link rel="shortcut icon" href="/favicon.ico?hash=mocked_hash_985685822"/>
    <link rel="search" type="application/opensearchdescription+xml" title="Dart packages" href="/static/osd.xml?hash=mocked_hash_869379763"/>
    <link rel="canonical" href="https://pub.dev/publishers/example.com/packages"/>
    <meta name="description" content="Pub is the package manager for the Dart programming language, containing reusable libraries &amp; packages for Flutter, AngularDart, and general Dart programs."/>
    <link rel="alternate" type="application/atom+xml" title="Updated Packages Feed for Pub" href="/feed.atom"/>
    <link href="/static/material/material-components-web.min.css?hash=mocked_hash_335393842" rel="stylesheet" type="text/css"/>
    <link href="/static/highlight/github.css?hash=mocked_hash_145446167" rel="stylesheet"/>
    <link href="/static/css/github-markdown.css?hash=mocked_hash_488759485" rel="stylesheet" type="text/css"/>
    <link href="/static/css/style.css?hash=mocked_hash_537099079" rel="stylesheet" type="text/css"/>
    <script src="/static/material/material-components-web.min.js?hash=mocked_hash_942790516" defer="defer"></script>
    <script src="/static/js/script.dart.js?hash=mocked_hash_573569793" defer="defer"></script>
    <meta name="google-signin-client_id" content=""/>
    <script src="https://apis.google.com/js/platform.js?onload=pubAuthInit" defer="defer"></script>
    <meta name="pub-page-data" content="eyJwdWJsaXNoZXIiOnsicHVibGlzaGVySWQiOiJleGFtcGxlLmNvbSJ9fQ=="/>
  </head>
  <body class="">
    <!-- Google Tag Manager (noscript) -->
    <noscript>
      <iframe src="https://www.googletagmanager.com/ns.html?id=GTM-MX6DBN9" height="0" width="0" style="display:none;visibility:hidden"></iframe>
    </noscript>
    <!-- End Google Tag Manager (noscript) -->
    <div class="site-header">
      <button class="hamburger"></button>
      <a class="logo" href="/">
        <img class="site-logo" src="/static/img/pub-dev-logo-2x.png?hash=mocked_hash_685890546" alt="pub logo"/>
      </a>
      <div class="site-header-space"></div>
      <div class="site-header-mask"></div>
      <div class="site-header-nav scroll-container">
        <div class="nav-login-container">
          <button class="nav-main-button link" id="-account-login">Sign in</button>
        </div>
        <div class="nav-container nav-help-container hoverable">
          <button class="nav-main-button">Help</button>
          <div class="nav-hover-popup">
            <div class="nav-table-columns">
              <div class="nav-table-column">
                <h3>Pub.dev</h3>
                <a class="nav-link" target="_blank" rel="noopener" href="/help/search">Searching for packages</a>
                <a class="nav-link" target="_blank" rel="noopener" href="/help/scoring">Package scoring and pub points</a>
              </div>
              <div class="nav-table-column">
                <h3>Flutter</h3>
                <a class="nav-link" target="_blank" rel="noopener" href="https://flutter.io/using-packages/">Using packages</a>
                <a class="nav-link" target="_blank" rel="noopener" href="https://flutter.io/developing-packages/">Developing packages and plugins</a>
                <a class="nav-link" target="_blank" rel="noopener" href="https://dart.dev/tools/pub/publishing">Publishing a package</a>
              </div>
              <div class="nav-table-column">
                <h3>Dart</h3>
                <a class="nav-link" target="_blank" rel="noopener" href="https://dart.dev/tools/pub/get-started">Using packages</a>
                <a class="nav-link" target="_blank" rel="noopener" href="https://dart.dev/tools/pub/publishing">Publishing a package</a>
              </div>
            </div>
          </div>
        </div>
        <div class="nav-container nav-help-container-mobile foldable">
          <h3 class="foldable-button">
            Pub.dev
            <img class="foldable-icon" src="/static/img/nav-mobile-foldable-icon.svg?hash=mocked_hash_806401648"/>
          </h3>
          <div class="foldable-content">
            <a class="nav-link" target="_blank" rel="noopener" href="/help/search">Searching for packages</a>
            <a class="nav-link" target="_blank" rel="noopener" href="/help/scoring">Package scoring and pub points</a>
          </div>
        </div>
        <div class="nav-container nav-help-container-mobile foldable">
          <h3 class="foldable-button">
            Flutter
            <img class="foldable-icon" src="/static/img/nav-mobile-foldable-icon.svg?hash=mocked_hash_806401648"/>
          </h3>
          <div class="foldable-content">
            <a class="nav-link" target="_blank" rel="noopener" href="https://flutter.io/using-packages/">Using packages</a>
            <a class="nav-link" target="_blank" rel="noopener" href="https://flutter.io/developing-packages/">Developing packages and plugins</a>
            <a class="nav-link" target="_blank" rel="noopener" href="https://dart.dev/tools/pub/publishing">Publishing a package</a>
          </div>
        </div>
        <div class="nav-container nav-help-container-mobile foldable">
          <h3 class="foldable-button">
            Dart
            <img class="foldable-icon" src="/static/img/nav-mobile-foldable-icon.svg?hash=mocked_hash_806401648"/>
          </h3>
          <div class="foldable-content">
            <a class="nav-link" target="_blank" rel="noopener" href="https://dart.dev/tools/pub/get-started">Using packages</a>
            <a class="nav-link" target="_blank" rel="noopener" href="https://dart.dev/tools/pub/publishing">Publishing a package</a>
          </div>
        </div>
      </div>
    </div>
    <div id="banner-container"></div>
    <div class="_banner-bg">
      <div class="container">
        <form class="search-bar banner-item" action="/publishers/example.com/packages">
          <input class="input" name="q" placeholder="Search example.com packages" autocomplete="on" autofocus="autofocus"/>
          <button class="icon"></button>
          <input id="-search-discontinued-field" type="hidden" name="discontinued" value="1" disabled="disabled"/>
          <input id="-search-unlisted-field" type="hidden" name="unlisted" value="1" disabled="disabled"/>
          <input id="-search-null-safe-field" type="hidden" name="null-safe" value="1" disabled="disabled"/>
        </form>
      </div>
    </div>
    <main class="-wide-header-detail-page">
      <div class="detail-wrapper -active">
        <div class="detail-header">
          <div class="detail-container">
            <div class="detail-header-outer-block">
              <div class="detail-header-content-block">
                <h1 class="title">example.com</h1>
                <div class="metadata">
                  <p>
                    This is our little software developer shop.
                    <br/>
                    We develop full-stack in Dart, and happy about it.
                  </p>
                  <p>
                    <span class="detail-header-metadata-ref">
                      <img class="detail-header-metadata-ref-icon" src="/static/img/link-icon.svg?hash=mocked_hash_709199651"/>
                      <a class="detail-header-metadata-ref-label" href="https://example.com/" rel="ugc">example.com/</a>
                    </span>
                    <span class="detail-header-metadata-ref">
                      <img class="detail-header-metadata-ref-icon" src="/static/img/email-icon.svg?hash=mocked_hash_308057918"/>
                      <a class="detail-header-metadata-ref-label" href="mailto:hello@example.com">hello@example.com</a>
                    </span>
                  </p>
                  <p>Publisher registered on Sep 13, 2019.</p>
                </div>
                <div class="detail-tags-and-like">
                  <div class="detail-tags"></div>
                  <div class="detail-like"></div>
                </div>
              </div>
            </div>
          </div>
        </div>
        <div class="detail-body">
          <div class="detail-tabs">
            <div class="detail-tabs-wide-header">
              <div class="detail-container">
                <ul class="detail-tabs-header">
                  <li class="detail-tab tab-button detail-tab-packages-title -active" role="button">Packages</li>
                  <li class="detail-tab tab-link detail-tab-admin-title" role="button">
                    <a href="/publishers/example.com/admin">Admin</a>
                  </li>
                </ul>
              </div>
            </div>
            <div class="detail-container detail-body-main">
              <div class="detail-tabs-content">
                <section class="tab-content -active">
                  <div class="listing-info">
                    <div class="listing-info-count">
                      <span class="info-identifier">Results</span>
                      <span class="count">2</span>
                      packages owned by
                      <code>example.com</code>
                    </div>
                    <div class="sort-control hoverable">
                      <div class="info-identifier" title="Packages are sorted by the combination of their overall score and their specificity to the selected platform.">
                        Sort by
                        <span class="sort-control-selected">listing relevance</span>
                      </div>
                      <div class="sort-control-popup">
                        <div class="sort-control-option selected" data-value="listing_relevance">listing relevance</div>
                        <div class="sort-control-option " data-value="top">overall score</div>
                        <div class="sort-control-option " data-value="updated">recently updated</div>
                        <div class="sort-control-option " data-value="created">newest package</div>
                        <div class="sort-control-option " data-value="like">most likes</div>
                        <div class="sort-control-option " data-value="points">most pub points</div>
                        <div class="sort-control-option " data-value="popularity">popularity</div>
                      </div>
                    </div>
                  </div>
                  <div class="packages">
                    <div class="packages-item">
                      <div class="packages-header">
                        <h3 class="packages-title">
                          <a href="/packages/super_package">super_package</a>
                        </h3>
                        <a class="packages-scores" href="/packages/super_package/score">
                          <div class="packages-score packages-score-like">
                            <div class="packages-score-value">
                              <span class="packages-score-value-number">--</span>
                              <span class="packages-score-value-sign"></span>
                            </div>
                            <div class="packages-score-label">likes</div>
                          </div>
                          <div class="packages-score packages-score-health">
                            <div class="packages-score-value">
                              <span class="packages-score-value-number">--</span>
                              <span class="packages-score-value-sign"></span>
                            </div>
                            <div class="packages-score-label">pub points</div>
                          </div>
                          <div class="packages-score packages-score-popularity">
                            <div class="packages-score-value">
                              <span class="packages-score-value-number">--</span>
                              <span class="packages-score-value-sign">%</span>
                            </div>
                            <div class="packages-score-label">popularity</div>
                          </div>
                        </a>
                      </div>
                      <p class="packages-description">A great web UI library.</p>
                      <p class="packages-metadata">
                        <span class="packages-metadata-block">
                          v
                          <a href="/packages/super_package">1.0.0</a>
                          /
                          <a href="/packages/super_package/versions/1.4.0">1.4.0</a>
                          /
                          <a href="/packages/super_package/versions/1.5.0-dev">1.5.0-dev</a>
                          • Updated:
                          <span>Jan 3, 2019</span>
                        </span>
                      </p>
                      <div>
                        <div class="-pub-tag-badge">
                          <a class="tag-badge-main" title="Packages compatible with Dart SDK" href="/dart/packages">Dart</a>
                          <a class="tag-badge-sub" title="Packages compatible with Dart compiled for the web" href="/dart/packages?runtime=js">js</a>
                        </div>
                      </div>
                    </div>
                    <div class="packages-item">
                      <div class="packages-header">
                        <h3 class="packages-title">
                          <a href="/packages/another_package">another_package</a>
                        </h3>
                        <a class="packages-scores" href="/packages/another_package/score">
                          <div class="packages-score packages-score-like">
                            <div class="packages-score-value">
                              <span class="packages-score-value-number">--</span>
                              <span class="packages-score-value-sign"></span>
                            </div>
                            <div class="packages-score-label">likes</div>
                          </div>
                          <div class="packages-score packages-score-health">
                            <div class="packages-score-value">
                              <span class="packages-score-value-number">--</span>
                              <span class="packages-score-value-sign"></span>
                            </div>
                            <div class="packages-score-label">pub points</div>
                          </div>
                          <div class="packages-score packages-score-popularity">
                            <div class="packages-score-value">
                              <span class="packages-score-value-number">--</span>
                              <span class="packages-score-value-sign">%</span>
                            </div>
                            <div class="packages-score-label">popularity</div>
                          </div>
                        </a>
                      </div>
                      <p class="packages-description">Camera plugin.</p>
                      <p class="packages-metadata">
                        <span class="packages-metadata-block">
                          v
                          <a href="/packages/another_package">2.0.0</a>
                          /
                          <a href="/packages/another_package/versions/3.0.0-beta2">3.0.0-beta2</a>
                          • Updated:
                          <span>Mar 30, 2019</span>
                        </span>
                      </p>
                      <div>
                        <div class="-pub-tag-badge">
                          <a class="tag-badge-main" title="Packages compatible with Flutter SDK" href="/flutter/packages">Flutter</a>
                          <a class="tag-badge-sub" title="Packages compatible with Flutter on the Android platform" href="/flutter/packages?platform=android">Android</a>
                        </div>
                      </div>
                    </div>
                  </div>
                  <ul class="pagination">
                    <li class="-disabled">
                      <a href="" rel="prev">
                        <span>«</span>
                      </a>
                    </li>
                    <li class="-active">
                      <a href="">
                        <span>1</span>
                      </a>
                    </li>
                    <li class="-disabled">
                      <a href="" rel="next">
                        <span>»</span>
                      </a>
                    </li>
                  </ul>
                </section>
              </div>
            </div>
          </div>
        </div>
      </div>
    </main>
    <footer class="site-footer">
      <a class="link" href="https://dart.dev/">Dart language</a>
      <a class="link sep" href="/policy">Policy</a>
      <a class="link sep" href="https://www.google.com/intl/en/policies/terms/">Terms</a>
      <a class="link sep" href="https://developers.google.com/terms/">API Terms</a>
      <a class="link sep" href="/security">Security</a>
      <a class="link sep" href="https://www.google.com/intl/en/policies/privacy/">Privacy</a>
      <a class="link sep" href="/help">Help</a>
      <a class="link sep icon" href="/feed.atom">
        <img src="/static/img/rss-feed-icon.svg?hash=mocked_hash_795155912" class="inline-icon" alt="RSS/atom feed" title="RSS/atom feed"/>
      </a>
      <a class="link icon github_issue" href="https://github.com/dart-lang/pub-dev/issues/new">
        <img src="/static/img/bug-report-white-96px.png?hash=mocked_hash_709947442" class="inline-icon" alt="Report an issue with this site" title="Report an issue with this site"/>
      </a>
    </footer>
  </body>
</html>
